Running Gradle task 'assembleDebug'...                          
flutter : Warning: Flutter support for your 
project's Kotlin version (1.9.25) will soon 
be dropped. Please upgrade your Kotlin 
version to a version of at least 2.1.0 soon.
En línea: 1 Carácter: 1
+ flutter build apk --debug > 
build_output.txt 2>&1
+ ~~~~~~~~~~~~~~~~~~~~~~~~~~~~~~~~~~~~~~~~~~
~~~~~~~
    + CategoryInfo          : NotSpecified: 
    (Warning: Flutte...ast 2.1.0 soon.:Str  
  ing) [], RemoteException
    + FullyQualifiedErrorId : NativeCommand 
   Error
 
Alternatively, use the flag "--android-skip-
build-dependency-validation" to bypass this 
check.

Potential fix: Your project's KGP version 
is typically defined in the plugins block 
of the `settings.gradle` file (C:\Users\USUA
RIO\Downloads\Dr.Ai-main\android/settings.gr
adle), by a plugin with the id of 
org.jetbrains.kotlin.android. 
If you don't see a plugins block, your 
project was likely created with an older 
template version, in which case it is most 
likely defined in the top-level 
build.gradle file (C:\Users\USUARIO\Download
s\Dr.Ai-main\android/build.gradle) by the 
ext.kotlin_version property.

e: file:///C:/Users/USUARIO/.gradle/caches/t
ransforms-4/2bb51f64e78cbfa71c72468a52e160f4
/transformed/jetified-play-services-measurem
ent-impl-22.4.0-api.jar!/META-INF/java.com.g
oogle.android.gms.libs.filecompliance.proto_
file_access_api_type_kt_proto_lite.kotlin_mo
duleModule was compiled with an 
incompatible version of Kotlin. The binary 
version of its metadata is 2.1.0, expected 
version is 1.8.0.
e: file:///C:/Users/USUARIO/.gradle/caches/t
ransforms-4/2bb51f64e78cbfa71c72468a52e160f4
/transformed/jetified-play-services-measurem
ent-impl-22.4.0-api.jar!/META-INF/third_part
y.kotlin.protobuf.src.commonMain.kotlin.com.
google.protobuf.kotlin_only_for_use_in_proto
_generated_code_its_generator_and_tests.kotl
in_moduleModule was compiled with an 
incompatible version of Kotlin. The binary 
version of its metadata is 2.1.0, expected 
version is 1.8.0.
e: file:///C:/Users/USUARIO/.gradle/caches/t
ransforms-4/2bb51f64e78cbfa71c72468a52e160f4
/transformed/jetified-play-services-measurem
ent-impl-22.4.0-api.jar!/META-INF/third_part
y.kotlin.protobuf.src.commonMain.kotlin.com.
google.protobuf.kotlin_shared_runtime.kotlin
_moduleModule was compiled with an 
incompatible version of Kotlin. The binary 
version of its metadata is 2.1.0, expected 
version is 1.8.0.
e: file:///C:/Users/USUARIO/.gradle/caches/t
ransforms-4/78e5f142f885af115947dc0a756c98f1
/transformed/jetified-play-services-measurem
ent-api-22.4.0-api.jar!/META-INF/java.com.go
ogle.android.gmscore.integ.client.measuremen
t_api_measurement_api.kotlin_moduleModule 
was compiled with an incompatible version 
of Kotlin. The binary version of its 
metadata is 2.1.0, expected version is 
1.8.0.

FAILURE: Build failed with an exception.

* What went wrong:
Execution failed for task 
':app:compileDebugKotlin'.
> A failure occurred while executing org.jet
brains.kotlin.compilerRunner.GradleCompilerR
unnerWithWorkers$GradleKotlinCompilerWorkAct
ion
   > Compilation error. See log for more 
details

* Try:
> Run with --stacktrace option to get the 
stack trace.
> Run with --info or --debug option to get 
more log output.
> Run with --scan to get full insights.
> Get more help at https://help.gradle.org.

BUILD FAILED in 46s
Running Gradle task 'assembleDebug'...                             47.3s

ÔöîÔöÇ Flutter Fix ÔöÇÔöÇÔöÇÔöÇÔöÇÔöÇÔöÇÔöÇÔöÇÔöÇÔöÇÔöÇÔöÇÔöÇÔöÇÔöÇÔöÇÔöÇÔöÇÔöÇÔöÇÔöÇÔöÇÔöÇÔöÇÔöÇÔöÇÔöÇÔöÇÔöÇÔöÇÔöÇÔöÇÔöÇÔöÇÔöÇÔöÇÔöÇÔöÇÔöÇÔöÇÔöÇÔöÇÔöÇÔöÇÔöÇÔöÇÔöÇÔöÇÔöÇÔöÇÔöÇÔöÇÔöÇÔöÇÔöÇÔöÇÔöÇÔöÇÔöÇÔöÇÔöÇÔöÇÔöÇÔöÇÔöÇÔöÇÔöÇÔöÇÔöÇÔöÇÔöÇÔöÇÔöÇÔöÇÔöÇÔöÇÔöÇÔöÇÔöÇÔöÉ
Ôöé [!] Your project requires a newer version of the Kotlin Gradle plugin.                       Ôöé
Ôöé Find the latest version on https://kotlinlang.org/docs/releases.html#release-details, then   Ôöé
Ôöé update the                                                                                   Ôöé
Ôöé version number of the plugin with id "org.jetbrains.kotlin.android" in the plugins block of  Ôöé
Ôöé C:\Users\USUARIO\Downloads\Dr.Ai-main\android\settings.gradle.                               Ôöé
Ôöé                                                                                              Ôöé
Ôöé Alternatively (if your project was created before Flutter 3.19), update                      Ôöé
Ôöé C:\Users\USUARIO\Downloads\Dr.Ai-main\android\build.gradle                                   Ôöé
Ôöé ext.kotlin_version = '<latest-version>'                                                      Ôöé
ÔööÔöÇÔöÇÔöÇÔöÇÔöÇÔöÇÔöÇÔöÇÔöÇÔöÇÔöÇÔöÇÔöÇÔöÇÔöÇÔöÇÔöÇÔöÇÔöÇÔöÇÔöÇÔöÇÔöÇÔöÇÔöÇÔöÇÔöÇÔöÇÔöÇÔöÇÔöÇÔöÇÔöÇÔöÇÔöÇÔöÇÔöÇÔöÇÔöÇÔöÇÔöÇÔöÇÔöÇÔöÇÔöÇÔöÇÔöÇÔöÇÔöÇÔöÇÔöÇÔöÇÔöÇÔöÇÔöÇÔöÇÔöÇÔöÇÔöÇÔöÇÔöÇÔöÇÔöÇÔöÇÔöÇÔöÇÔöÇÔöÇÔöÇÔöÇÔöÇÔöÇÔöÇÔöÇÔöÇÔöÇÔöÇÔöÇÔöÇÔöÇÔöÇÔöÇÔöÇÔöÇÔöÇÔöÇÔöÇÔöÇÔöÇÔöÇÔöÇÔöÇÔöÇÔöÇÔöÿ
Gradle task assembleDebug failed with exit 
code 1
